test_authoritative_exact_mask_survives_independent_diagnostic_error (tests.test_replay_historical_predicates.HistoricalPredicateReplayTests.test_authoritative_exact_mask_survives_independent_diagnostic_error) ... ok
test_capture_disabled_result_boundary_is_equal_and_has_no_capture_keys (tests.test_replay_historical_predicates.HistoricalPredicateReplayTests.test_capture_disabled_result_boundary_is_equal_and_has_no_capture_keys) ... ok
test_capture_mismatch_is_structured_and_does_not_replace_episode_outcome (tests.test_replay_historical_predicates.HistoricalPredicateReplayTests.test_capture_mismatch_is_structured_and_does_not_replace_episode_outcome) ... ok
test_capture_serialization_error_does_not_replace_physical_outcome (tests.test_replay_historical_predicates.HistoricalPredicateReplayTests.test_capture_serialization_error_does_not_replace_physical_outcome) ... ok
test_capture_serializes_one_exact_pre_action_snapshot_per_policy_call (tests.test_replay_historical_predicates.HistoricalPredicateReplayTests.test_capture_serializes_one_exact_pre_action_snapshot_per_policy_call) ... ok
test_invalid_action_has_explicit_reason_and_is_not_accepted (tests.test_replay_historical_predicates.HistoricalPredicateReplayTests.test_invalid_action_has_explicit_reason_and_is_not_accepted) ... ok
test_invalid_action_integer_and_range_contract_has_explicit_reason (tests.test_replay_historical_predicates.HistoricalPredicateReplayTests.test_invalid_action_integer_and_range_contract_has_explicit_reason) ... ok
test_parser_accepts_opt_in_capture_directory_and_defaults_disabled (tests.test_replay_historical_predicates.HistoricalPredicateReplayTests.test_parser_accepts_opt_in_capture_directory_and_defaults_disabled) ... ok
test_policy_interval_only_retains_references_until_post_episode_materialization (tests.test_replay_historical_predicates.HistoricalPredicateReplayTests.test_policy_interval_only_retains_references_until_post_episode_materialization) ... ok
test_replay_action_reports_independent_strict_predicates_and_float32_target (tests.test_replay_historical_predicates.HistoricalPredicateReplayTests.test_replay_action_reports_independent_strict_predicates_and_float32_target) ... ok
test_replay_known_safe_comes_only_from_observed_status (tests.test_replay_historical_predicates.HistoricalPredicateReplayTests.test_replay_known_safe_comes_only_from_observed_status) ... ok
test_replay_manifest_rejects_corrupt_or_missing_npz (tests.test_replay_historical_predicates.HistoricalPredicateReplayTests.test_replay_manifest_rejects_corrupt_or_missing_npz) ... ok
test_replay_manifest_rejects_duplicate_or_missing_steps (tests.test_replay_historical_predicates.HistoricalPredicateReplayTests.test_replay_manifest_rejects_duplicate_or_missing_steps) ... ok
test_replay_manifest_rejects_every_identity_boundary_mismatch (tests.test_replay_historical_predicates.HistoricalPredicateReplayTests.test_replay_manifest_rejects_every_identity_boundary_mismatch) ... ok
test_replay_manifest_rejects_metadata_hash_and_episode_action_mismatch (tests.test_replay_historical_predicates.HistoricalPredicateReplayTests.test_replay_manifest_rejects_metadata_hash_and_episode_action_mismatch) ... ok
test_replay_manifest_rejects_tampered_zero_hash_manifest (tests.test_replay_historical_predicates.HistoricalPredicateReplayTests.test_replay_manifest_rejects_tampered_zero_hash_manifest) ... ok
test_init_optimization_and_policy_timeouts_stop_worker_and_physics (tests.test_run_historical_conservative_extreme_point_physics.HistoricalConservativeExtremePointRunnerTests.test_init_optimization_and_policy_timeouts_stop_worker_and_physics) ... ok
test_json_materialization_is_atomic_and_records_artifact (tests.test_run_historical_conservative_extreme_point_physics.HistoricalConservativeExtremePointRunnerTests.test_json_materialization_is_atomic_and_records_artifact) ... ok
test_loader_is_isolated_and_verifies_untouched_public_interface (tests.test_run_historical_conservative_extreme_point_physics.HistoricalConservativeExtremePointRunnerTests.test_loader_is_isolated_and_verifies_untouched_public_interface) ... ok
test_loader_uses_exact_source_bytes_and_ignores_existing_misleading_pyc (tests.test_run_historical_conservative_extreme_point_physics.HistoricalConservativeExtremePointRunnerTests.test_loader_uses_exact_source_bytes_and_ignores_existing_misleading_pyc) ... ok
test_malformed_historical_action_never_reaches_physics (tests.test_run_historical_conservative_extreme_point_physics.HistoricalConservativeExtremePointRunnerTests.test_malformed_historical_action_never_reaches_physics) ... ok
test_official_mode_a_lifecycle_and_timing_are_preserved (tests.test_run_historical_conservative_extreme_point_physics.HistoricalConservativeExtremePointRunnerTests.test_official_mode_a_lifecycle_and_timing_are_preserved) ... ok
test_parser_is_fixed_to_task000_mode_a_control (tests.test_run_historical_conservative_extreme_point_physics.HistoricalConservativeExtremePointRunnerTests.test_parser_is_fixed_to_task000_mode_a_control) ... ok
test_policy_exception_saves_compatible_atomic_snapshot (tests.test_run_historical_conservative_extreme_point_physics.HistoricalConservativeExtremePointRunnerTests.test_policy_exception_saves_compatible_atomic_snapshot) ... ok
test_source_or_artifact_file_mutation_is_rejected_before_step (tests.test_run_historical_conservative_extreme_point_physics.HistoricalConservativeExtremePointRunnerTests.test_source_or_artifact_file_mutation_is_rejected_before_step) ... ok
test_worker_exception_is_bounded_and_never_steps (tests.test_run_historical_conservative_extreme_point_physics.HistoricalConservativeExtremePointRunnerTests.test_worker_exception_is_bounded_and_never_steps) ... ok
test_adaptive_candidate_rescue_is_explicit_b_only_and_rebinds_beam (tests.test_run_support_extreme_fusion_physics.SupportExtremeFusionPhysicsRunnerTests.test_adaptive_candidate_rescue_is_explicit_b_only_and_rebinds_beam) ... ok
test_atomic_json_replaces_complete_materialization (tests.test_run_support_extreme_fusion_physics.SupportExtremeFusionPhysicsRunnerTests.test_atomic_json_replaces_complete_materialization) ... ok
test_b_fixed_two_ply_uses_agent_exact_components_and_full_pool (tests.test_run_support_extreme_fusion_physics.SupportExtremeFusionPhysicsRunnerTests.test_b_fixed_two_ply_uses_agent_exact_components_and_full_pool) ... ok
test_b_maxrects_regret_uses_exact_components_full_pool_and_original_root (tests.test_run_support_extreme_fusion_physics.SupportExtremeFusionPhysicsRunnerTests.test_b_maxrects_regret_uses_exact_components_full_pool_and_original_root) ... ok
test_b_memoized_stratified_route_sets_only_exposure_order (tests.test_run_support_extreme_fusion_physics.SupportExtremeFusionPhysicsRunnerTests.test_b_memoized_stratified_route_sets_only_exposure_order) ... ok
test_b_memoized_streaming_route_keeps_full_pool_and_original_root (tests.test_run_support_extreme_fusion_physics.SupportExtremeFusionPhysicsRunnerTests.test_b_memoized_streaming_route_keeps_full_pool_and_original_root) ... ok
test_b_one_ply_delegates_choose_b_to_choose_c_with_full_pool (tests.test_run_support_extreme_fusion_physics.SupportExtremeFusionPhysicsRunnerTests.test_b_one_ply_delegates_choose_b_to_choose_c_with_full_pool) ... ok
test_candidate_zero_saves_atomic_pre_policy_snapshot_and_hash (tests.test_run_support_extreme_fusion_physics.SupportExtremeFusionPhysicsRunnerTests.test_candidate_zero_saves_atomic_pre_policy_snapshot_and_hash) ... ok
test_early_termination_and_truncation_save_last_pre_action_snapshot (tests.test_run_support_extreme_fusion_physics.SupportExtremeFusionPhysicsRunnerTests.test_early_termination_and_truncation_save_last_pre_action_snapshot) ... ok
test_episode_records_one_ply_without_changing_b_init_mode (tests.test_run_support_extreme_fusion_physics.SupportExtremeFusionPhysicsRunnerTests.test_episode_records_one_ply_without_changing_b_init_mode) ... ok
test_fixed_planner_exception_does_not_relabel_previous_trace (tests.test_run_support_extreme_fusion_physics.SupportExtremeFusionPhysicsRunnerTests.test_fixed_planner_exception_does_not_relabel_previous_trace) ... ok
test_fixed_trace_is_omitted_when_deadline_incumbent_skips_choose_b (tests.test_run_support_extreme_fusion_physics.SupportExtremeFusionPhysicsRunnerTests.test_fixed_trace_is_omitted_when_deadline_incumbent_skips_choose_b) ... ok
test_fixed_trace_survives_formatter_exception_after_choose_b (tests.test_run_support_extreme_fusion_physics.SupportExtremeFusionPhysicsRunnerTests.test_fixed_trace_survives_formatter_exception_after_choose_b) ... ok
test_fixed_two_ply_trace_is_serialized_under_diagnostic (tests.test_run_support_extreme_fusion_physics.SupportExtremeFusionPhysicsRunnerTests.test_fixed_two_ply_trace_is_serialized_under_diagnostic) ... ok
test_materialization_is_deep_and_mode_overrides_only_copy (tests.test_run_support_extreme_fusion_physics.SupportExtremeFusionPhysicsRunnerTests.test_materialization_is_deep_and_mode_overrides_only_copy) ... ok
test_maxrects_exception_clears_previous_trace_and_never_relabels_it (tests.test_run_support_extreme_fusion_physics.SupportExtremeFusionPhysicsRunnerTests.test_maxrects_exception_clears_previous_trace_and_never_relabels_it) ... ok
test_maxrects_trace_is_serialized_after_successful_policy_call (tests.test_run_support_extreme_fusion_physics.SupportExtremeFusionPhysicsRunnerTests.test_maxrects_trace_is_serialized_after_successful_policy_call) ... ok
test_mode_a_official_lifecycle_event_order_is_fixed (tests.test_run_support_extreme_fusion_physics.SupportExtremeFusionPhysicsRunnerTests.test_mode_a_official_lifecycle_event_order_is_fixed) ... ok
test_mode_a_runs_official_optimize_order_reset_flow_and_records_timing (tests.test_run_support_extreme_fusion_physics.SupportExtremeFusionPhysicsRunnerTests.test_mode_a_runs_official_optimize_order_reset_flow_and_records_timing) ... ok
test_one_ply_does_not_wrap_c_a_or_default_beam (tests.test_run_support_extreme_fusion_physics.SupportExtremeFusionPhysicsRunnerTests.test_one_ply_does_not_wrap_c_a_or_default_beam) ... ok
test_parser_exposes_bounded_official_cli (tests.test_run_support_extreme_fusion_physics.SupportExtremeFusionPhysicsRunnerTests.test_parser_exposes_bounded_official_cli) ... ok
test_percentiles_are_literal_and_empty_safe (tests.test_run_support_extreme_fusion_physics.SupportExtremeFusionPhysicsRunnerTests.test_percentiles_are_literal_and_empty_safe) ... ok
test_physical_failure_saves_pre_action_snapshot_but_success_does_not (tests.test_run_support_extreme_fusion_physics.SupportExtremeFusionPhysicsRunnerTests.test_physical_failure_saves_pre_action_snapshot_but_success_does_not) ... ok
test_physical_failure_stops_at_first_false_predicate (tests.test_run_support_extreme_fusion_physics.SupportExtremeFusionPhysicsRunnerTests.test_physical_failure_stops_at_first_false_predicate) ... ok
test_policy_exception_categories_are_saved_without_step (tests.test_run_support_extreme_fusion_physics.SupportExtremeFusionPhysicsRunnerTests.test_policy_exception_categories_are_saved_without_step) ... ok
test_runner_records_adaptive_request_as_ineffective_outside_explicit_b (tests.test_run_support_extreme_fusion_physics.SupportExtremeFusionPhysicsRunnerTests.test_runner_records_adaptive_request_as_ineffective_outside_explicit_b) ... ok
test_runner_records_adaptive_setting_and_initial_scan_stats (tests.test_run_support_extreme_fusion_physics.SupportExtremeFusionPhysicsRunnerTests.test_runner_records_adaptive_setting_and_initial_scan_stats) ... ok
test_runner_rejects_bad_action_and_malformed_status (tests.test_run_support_extreme_fusion_physics.SupportExtremeFusionPhysicsRunnerTests.test_runner_rejects_bad_action_and_malformed_status) ... ok
test_stratified_planner_json_distinguishes_requested_from_effective_route (tests.test_run_support_extreme_fusion_physics.SupportExtremeFusionPhysicsRunnerTests.test_stratified_planner_json_distinguishes_requested_from_effective_route) ... ok
test_stratified_streaming_trace_is_serialized_without_bypassing_policy (tests.test_run_support_extreme_fusion_physics.SupportExtremeFusionPhysicsRunnerTests.test_stratified_streaming_trace_is_serialized_without_bypassing_policy) ... ok
test_success_steps_once_per_action_and_records_official_fields (tests.test_run_support_extreme_fusion_physics.SupportExtremeFusionPhysicsRunnerTests.test_success_steps_once_per_action_and_records_official_fields) ... ok

----------------------------------------------------------------------
Ran 57 tests in 13.884s

OK
