test_action_position_range_is_hard_validated_after_float32_canonicalization (tests.test_portal_reserved_scaffold_authorizer.PortalReservedScaffoldAuthorizerTests.test_action_position_range_is_hard_validated_after_float32_canonicalization) ... ok
test_captured_task000_recalls_at_least_24_of_25_and_rejects_step_25 (tests.test_portal_reserved_scaffold_authorizer.PortalReservedScaffoldAuthorizerTests.test_captured_task000_recalls_at_least_24_of_25_and_rejects_step_25) ... ok
test_cut_plane_and_world_local_conversion_with_nonzero_container_offset (tests.test_portal_reserved_scaffold_authorizer.PortalReservedScaffoldAuthorizerTests.test_cut_plane_and_world_local_conversion_with_nonzero_container_offset) ... ok
test_diagonal_cut_plane_float32_boundary_uses_hand_literal_one_e_minus_seven_m (tests.test_portal_reserved_scaffold_authorizer.PortalReservedScaffoldAuthorizerTests.test_diagonal_cut_plane_float32_boundary_uses_hand_literal_one_e_minus_seven_m) ... ok
test_diagonal_euclidean_transport_gap_over_15_mm_passes (tests.test_portal_reserved_scaffold_authorizer.PortalReservedScaffoldAuthorizerTests.test_diagonal_euclidean_transport_gap_over_15_mm_passes) ... ok
test_door_clamp_lift_and_ceiling_clip_are_reported (tests.test_portal_reserved_scaffold_authorizer.PortalReservedScaffoldAuthorizerTests.test_door_clamp_lift_and_ceiling_clip_are_reported) ... ok
test_drop_boundary_and_no_landing_surface_are_the_only_settling_rejections (tests.test_portal_reserved_scaffold_authorizer.PortalReservedScaffoldAuthorizerTests.test_drop_boundary_and_no_landing_surface_are_the_only_settling_rejections) ... ok
test_effective_lift_has_zero_default_and_ceiling_clipped_partial_values (tests.test_portal_reserved_scaffold_authorizer.PortalReservedScaffoldAuthorizerTests.test_effective_lift_has_zero_default_and_ceiling_clipped_partial_values) ... ok
test_fingerprint_covers_all_container_metadata_packed_keys_and_depth_arrays (tests.test_portal_reserved_scaffold_authorizer.PortalReservedScaffoldAuthorizerTests.test_fingerprint_covers_all_container_metadata_packed_keys_and_depth_arrays) ... ok
test_fingerprint_makes_packed_pose_quaternion_and_container_ordinal_stale_independently (tests.test_portal_reserved_scaffold_authorizer.PortalReservedScaffoldAuthorizerTests.test_fingerprint_makes_packed_pose_quaternion_and_container_ordinal_stale_independently) ... ok
test_float32_plane_margin_is_strict_for_every_axis_plane (tests.test_portal_reserved_scaffold_authorizer.PortalReservedScaffoldAuthorizerTests.test_float32_plane_margin_is_strict_for_every_axis_plane) ... ok
test_invalid_types_nan_overflow_orientation_and_expired_deadline_fail_closed (tests.test_portal_reserved_scaffold_authorizer.PortalReservedScaffoldAuthorizerTests.test_invalid_types_nan_overflow_orientation_and_expired_deadline_fail_closed) ... ok
test_inverted_door_bounds_use_the_official_clamp_and_reject_start_collision (tests.test_portal_reserved_scaffold_authorizer.PortalReservedScaffoldAuthorizerTests.test_inverted_door_bounds_use_the_official_clamp_and_reject_start_collision) ... ok
test_obb_separation_is_exact_euclidean_distance_with_intersection_zero (tests.test_portal_reserved_scaffold_authorizer.PortalReservedScaffoldAuthorizerTests.test_obb_separation_is_exact_euclidean_distance_with_intersection_zero) ... ok
test_orientation_four_small_shelf_and_tilted_obb_do_not_use_broad_aabb (tests.test_portal_reserved_scaffold_authorizer.PortalReservedScaffoldAuthorizerTests.test_orientation_four_small_shelf_and_tilted_obb_do_not_use_broad_aabb) ... ok
test_protection_load_and_depth_diagnostics_change_with_observable_inputs_without_hard_gating (tests.test_portal_reserved_scaffold_authorizer.PortalReservedScaffoldAuthorizerTests.test_protection_load_and_depth_diagnostics_change_with_observable_inputs_without_hard_gating) ... ok
test_recovered_plane_margin_steps_are_accepted (tests.test_portal_reserved_scaffold_authorizer.PortalReservedScaffoldAuthorizerTests.test_recovered_plane_margin_steps_are_accepted) ... ok
test_result_copy_forgery_and_unaccepted_result_cannot_format (tests.test_portal_reserved_scaffold_authorizer.PortalReservedScaffoldAuthorizerTests.test_result_copy_forgery_and_unaccepted_result_cannot_format) ... ok
test_route_labels_share_one_authorizer_and_cannot_bypass_rejection (tests.test_portal_reserved_scaffold_authorizer.PortalReservedScaffoldAuthorizerTests.test_route_labels_share_one_authorizer_and_cannot_bypass_rejection) ... ok
test_safe_rectangular_proposal_is_authorized_and_formats_official_action (tests.test_portal_reserved_scaffold_authorizer.PortalReservedScaffoldAuthorizerTests.test_safe_rectangular_proposal_is_authorized_and_formats_official_action) ... ok
test_settling_risk_features_do_not_become_hard_validity (tests.test_portal_reserved_scaffold_authorizer.PortalReservedScaffoldAuthorizerTests.test_settling_risk_features_do_not_become_hard_validity) ... ok
test_settling_uses_four_cm_drop_and_highest_14_mm_support_without_a_three_cm_gate (tests.test_portal_reserved_scaffold_authorizer.PortalReservedScaffoldAuthorizerTests.test_settling_uses_four_cm_drop_and_highest_14_mm_support_without_a_three_cm_gate) ... ok
test_state_fingerprint_makes_reordered_and_changed_state_authorizations_stale (tests.test_portal_reserved_scaffold_authorizer.PortalReservedScaffoldAuthorizerTests.test_state_fingerprint_makes_reordered_and_changed_state_authorizations_stale) ... ok
test_target_penetration_rejects_but_contact_and_nearness_are_risk_evidence (tests.test_portal_reserved_scaffold_authorizer.PortalReservedScaffoldAuthorizerTests.test_target_penetration_rejects_but_contact_and_nearness_are_risk_evidence) ... ok
test_transport_contact_margin_is_15_mm_and_equality_is_conservative (tests.test_portal_reserved_scaffold_authorizer.PortalReservedScaffoldAuthorizerTests.test_transport_contact_margin_is_15_mm_and_equality_is_conservative) ... ok
test_agent_fail_closes_when_seed_candidate_or_authorization_fails (tests.test_portal_reserved_scaffold_historical_cross.PortalReservedScaffoldHistoricalCrossTests.test_agent_fail_closes_when_seed_candidate_or_authorization_fails) ... ok
test_historical_seed_is_standalone_and_does_not_reference_submit (tests.test_portal_reserved_scaffold_historical_cross.PortalReservedScaffoldHistoricalCrossTests.test_historical_seed_is_standalone_and_does_not_reference_submit) ... ok
test_matched_cross_artifact_records_prefix_and_rejection_boundary (tests.test_portal_reserved_scaffold_historical_cross.PortalReservedScaffoldHistoricalCrossTests.test_matched_cross_artifact_records_prefix_and_rejection_boundary) ... ok

----------------------------------------------------------------------
Ran 28 tests in 21.851s

OK
