transport item 3
place item 3
transport item 5
place item 5
transport item 17
place item 17
transport item 21
place item 21
transport item 9
place item 9
transport item 11
place item 11
transport item 33
place item 33
transport item 19
place item 19
transport item 20
place item 20
transport item 22
place item 22
transport item 8
place item 8
transport item 13
place item 13
transport item 23
place item 23
transport item 0
place item 0
transport item 4
place item 4
transport item 6
place item 6
transport item 10
place item 10
transport item 2
place item 2
transport item 35
place item 35
transport item 39
place item 39
transport item 12
place item 12
transport item 18
place item 18
transport item 24
place item 24
transport item 27
place item 27
item 3 not inside (hit boundary plane), [ 1.02637842e-04 -5.84958492e-01 -1.53010264e+00 -1.33504151e+00
 -6.18498641e-01 -1.40235329e+00 -7.64671299e-03]
item 5 not inside (hit boundary plane), [ 1.44841382e-04 -5.67692482e-01 -1.53014484e+00 -1.35230752e+00
 -6.30081788e-01 -1.40321998e+00 -6.78001767e-03]
item 17 not inside (hit boundary plane), [-1.07092379e-05 -5.85654762e-01 -1.52998929e+00 -1.33434524e+00
 -6.18114149e-01 -8.24590446e-01 -5.85409554e-01]
item 11 not inside (hit boundary plane), [ 1.85584465e-05 -5.66832963e-01 -1.53001856e+00 -1.35316704e+00
 -6.30753405e-01 -7.33744259e-01 -6.76255741e-01]
item 19 not inside (hit boundary plane), [-0.78989898 -1.28501545 -0.74010102 -0.63498455 -0.73214323 -1.40622841
 -0.00377159]
item 23 not inside (hit boundary plane), [-1.03983066 -0.6364348  -0.49016934 -1.2835652  -1.35336025 -1.40695619
 -0.00304381]
item 6 not inside (hit boundary plane), [-1.22954537 -0.56691059 -0.30045463 -1.35308941 -1.54050481 -1.40501444
 -0.00498556]
item 10 not inside (hit boundary plane), [-1.27982827 -0.68600871 -0.25017173 -1.23399129 -1.49759708 -1.40593957
 -0.00406043]
item 2 not inside (hit boundary plane), [ 0.00813154 -0.73499996 -1.53813154 -1.18500004 -0.51162892 -0.04000008
 -1.36999992]
close env.
