transport item 2
place item 2
transport item 5
place item 5
transport item 6
place item 6
transport item 10
place item 10
transport item 0
place item 0
transport item 1
place item 1
transport item 15
place item 15
transport item 7
place item 7
transport item 16
place item 16
transport item 8
place item 8
transport item 9
place item 9
transport item 17
place item 17
transport item 3
place item 3
item 2 not inside (hit boundary plane), [ 3.19897296e-05 -6.24910888e-01 -1.52003199e+00 -1.27508911e+00
 -5.96234638e-01 -1.46181950e+00 -8.18049802e-03]
item 5 not inside (hit boundary plane), [ 2.25540490e-05 -6.07054833e-01 -1.52002255e+00 -1.29294517e+00
 -6.08403375e-01 -1.46292523e+00 -7.07477145e-03]
item 6 not inside (hit boundary plane), [ 9.37902810e-06 -6.24902540e-01 -1.52000938e+00 -1.27509746e+00
 -5.96256879e-01 -9.93836958e-01 -4.76163042e-01]
item 0 not inside (hit boundary plane), [ 0.03526544 -0.62472412 -1.55526544 -1.27527588 -0.57056438 -0.39987553
 -1.07012447]
item 15 not inside (hit boundary plane), [ 8.75093013e-06 -6.07405533e-01 -1.52000875e+00 -1.29259447e+00
 -6.08174619e-01 -7.94904508e-01 -6.75095492e-01]
close env.
