transport item 3
place item 3
transport item 17
place item 17
transport item 0
place item 0
transport item 21
place item 21
transport item 4
place item 4
transport item 30
place item 30
transport item 33
place item 33
transport item 6
place item 6
transport item 5
place item 5
transport item 8
place item 8
transport item 10
place item 10
transport item 12
place item 12
transport item 2
place item 2
transport item 13
place item 13
transport item 7
place item 7
transport item 18
place item 18
transport item 24
place item 24
transport item 14
place item 14
transport item 27
place item 27
transport item 29
place item 29
transport item 1
place item 1
transport item 28
place item 28
transport item 16
place item 16
transport item 31
place item 31
transport item 9
collision: 9 and 2 at (np.float32(0.0), np.float32(-0.725), np.float32(0.177)), distance -0.1849463499348341
collision: 9 and 7 at (np.float32(0.0), np.float32(-0.725), np.float32(0.177)), distance 0.008812408471529398
item 9 not packable. removed.
item 3 not inside (hit boundary plane), [ 8.14828529e-05 -5.84284928e-01 -1.53008148e+00 -1.33571507e+00
 -6.18967382e-01 -1.40223885e+00 -7.76115359e-03]
item 17 not inside (hit boundary plane), [-2.99781178e-05 -5.84790087e-01 -1.52997002e+00 -1.33520991e+00
 -6.18710050e-01 -8.22793537e-01 -5.87206463e-01]
item 0 not inside (hit boundary plane), [ 8.96625772e-06 -7.35917460e-03 -1.53000897e+00 -1.91264083e+00
 -1.00710330e+00 -1.40186460e+00 -8.13539723e-03]
item 30 not inside (hit boundary plane), [ 1.64458797e-04 -8.10961893e-03 -1.53016446e+00 -1.91189038e+00
 -1.00648344e+00 -4.40499550e-01 -9.69500450e-01]
item 2 not inside (hit boundary plane), [ 0.01706    -0.7349927  -1.54706    -1.1850073  -0.50502727 -0.04003086
 -1.36996914]
close env.
