transport item 2
place item 2
transport item 5
place item 5
transport item 6
place item 6
transport item 10
place item 10
transport item 0
place item 0
transport item 1
place item 1
transport item 15
place item 15
transport item 3
place item 3
transport item 4
place item 4
transport item 16
place item 16
transport item 11
place item 11
transport item 12
place item 12
transport item 13
place item 13
transport item 14
place item 14
transport item 17
place item 17
transport item 23
place item 23
transport item 19
place item 19
transport item 21
place item 21
transport item 25
place item 25
not included. [99.16499999999999, -0.625, -100.455, -0.625, 72.45381808712713, -0.5850000000000062, -0.5349999999999939]
item 2 not inside (hit boundary plane), [ 3.08476378e-05 -6.24913529e-01 -1.52003085e+00 -1.27508647e+00
 -5.96233675e-01 -1.46183832e+00 -8.16167937e-03]
item 5 not inside (hit boundary plane), [ 2.28021747e-05 -6.07071585e-01 -1.52002280e+00 -1.29292841e+00
 -6.08391784e-01 -1.46298954e+00 -7.01046485e-03]
item 6 not inside (hit boundary plane), [ 1.35051883e-05 -6.24903259e-01 -1.52001351e+00 -1.27509674e+00
 -5.96253368e-01 -9.93836694e-01 -4.76163306e-01]
item 0 not inside (hit boundary plane), [ 0.01712389 -0.62494619 -1.53712389 -1.27505381 -0.58369613 -0.3998821
 -1.0701179 ]
item 15 not inside (hit boundary plane), [-3.64063270e-06 -6.07324874e-01 -1.51999636e+00 -1.29267513e+00
 -6.08238629e-01 -7.94863181e-01 -6.75136819e-01]
close env.
