transport item 2
place item 2
transport item 5
place item 5
transport item 6
place item 6
transport item 10
place item 10
transport item 0
place item 0
transport item 1
place item 1
transport item 15
place item 15
transport item 7
place item 7
transport item 8
place item 8
transport item 3
place item 3
transport item 9
place item 9
transport item 16
place item 16
transport item 4
place item 4
transport item 22
place item 22
transport item 11
place item 11
item 2 not inside (hit boundary plane), [ 3.11950573e-05 -6.24913171e-01 -1.52003120e+00 -1.27508683e+00
 -5.96233664e-01 -1.46183819e+00 -8.16180546e-03]
item 5 not inside (hit boundary plane), [ 8.24388891e-06 -6.07060343e-01 -1.52000824e+00 -1.29293966e+00
 -6.08410101e-01 -1.46287002e+00 -7.12998016e-03]
item 6 not inside (hit boundary plane), [ 1.20801680e-05 -6.24265629e-01 -1.52001208e+00 -1.27573437e+00
 -5.96688703e-01 -9.94688447e-01 -4.75311553e-01]
item 0 not inside (hit boundary plane), [ 0.09350098 -0.62398738 -1.61350098 -1.27601262 -0.52842689 -0.39796327
 -1.07203673]
item 15 not inside (hit boundary plane), [ 1.15791425e-05 -6.07393248e-01 -1.52001158e+00 -1.29260675e+00
 -6.08180916e-01 -7.94911763e-01 -6.75088237e-01]
item 16 not inside (hit boundary plane), [-1.07998998 -1.19222768 -0.44001002 -0.70777232 -1.0006107  -1.46516843
 -0.00483157]
close env.
